---
source: src/tests/vet.rs
expression: human
---
Vetting Failed!

1 unvetted dependencies:
  third-party1:10.0.0 missing ["reviewed"]

recommended audits for reviewed (or strong-reviewed):
    Command                                    Publisher  Used By      Audit Size
    cargo vet diff third-party1 11.0.0 10.0.0  UNKNOWN    first-party  1 files changed, 21 deletions(-)

estimated audit backlog: 21 lines

Use |cargo vet certify| to record the audits.

