---
source: src/tests/explain_audit.rs
expression: output.to_string()
---
The package third-party 10.0.0 does not certify for safe-to-deploy
The following versions would certify:
 - 3.0.0
 - 5.0.0
 - 9.0.0

