---
source: src/tests/vet.rs
expression: json
---
{
  "conclusion": "fail (vetting)",
  "failures": [
    {
      "name": "dev-cycle",
      "version": "10.0.0",
      "missing_criteria": [
        "safe-to-run"
      ]
    },
    {
      "name": "normal",
      "version": "10.0.0",
      "missing_criteria": [
        "safe-to-deploy"
      ]
    }
  ],
  "suggest": {
    "suggestions": [
      {
        "name": "dev-cycle",
        "notable_parents": "root",
        "suggested_criteria": [
          "safe-to-run"
        ],
        "suggested_diff": {
          "from": null,
          "to": "10.0.0",
          "diffstat": {
            "insertions": 100,
            "deletions": 0,
            "files_changed": 1
          }
        }
      },
      {
        "name": "normal",
        "notable_parents": "root",
        "suggested_criteria": [
          "safe-to-deploy"
        ],
        "suggested_diff": {
          "from": null,
          "to": "10.0.0",
          "diffstat": {
            "insertions": 100,
            "deletions": 0,
            "files_changed": 1
          }
        }
      }
    ],
    "suggest_by_criteria": {
      "safe-to-deploy": [
        {
          "name": "normal",
          "notable_parents": "root",
          "suggested_criteria": [
            "safe-to-deploy"
          ],
          "suggested_diff": {
            "from": null,
            "to": "10.0.0",
            "diffstat": {
              "insertions": 100,
              "deletions": 0,
              "files_changed": 1
            }
          }
        }
      ],
      "safe-to-run (or safe-to-deploy)": [
        {
          "name": "dev-cycle",
          "notable_parents": "root",
          "suggested_criteria": [
            "safe-to-run"
          ],
          "suggested_diff": {
            "from": null,
            "to": "10.0.0",
            "diffstat": {
              "insertions": 100,
              "deletions": 0,
              "files_changed": 1
            }
          }
        }
      ]
    },
    "total_lines": 200
  }
}
