---
source: src/tests/vet.rs
expression: human
---
Vetting Failed!

1 unvetted dependencies:
  third-core:5.0.0 missing ["reviewed"]

recommended audits for reviewed (or strong-reviewed):
    Command                             Publisher  Used By  Audit Size
    cargo vet inspect third-core 5.0.0  UNKNOWN    firstA   25 lines

estimated audit backlog: 25 lines

Use |cargo vet certify| to record the audits.

