---
source: src/tests/vet.rs
expression: human
---
Vetting Failed!

1 unvetted dependencies:
  third-party2:10.0.0 missing ["reviewed"]

recommended audits for reviewed (or strong-reviewed):
    Command                                Publisher  Used By      Audit Size
    cargo vet inspect third-party2 10.0.0  UNKNOWN    first-party  100 lines

estimated audit backlog: 100 lines

Use |cargo vet certify| to record the audits.

